// Jest Snapshot v1, https://goo.gl/fbAQLP

exports[`Thing renders 1`] = `
<div
  className="Thing"
>
  I am a React Thing
</div>
`;
